// Vitest Snapshot v1, https://vitest.dev/guide/snapshot.html

exports[`classes 1`] = `
[
  {
    "rectangle": 1,
  },
  {
    "rectangle": 1,
  },
  {
    "rectangle": 1,
    "wedge": 1,
  },
  {
    "rectangle": 2,
    "stack": 1,
    "staircase": 1,
    "wedge": 1,
  },
  {
    "bar chart": 1,
    "diamond": 1,
    "fork": 1,
    "rectangle": 1,
    "stack": 2,
    "staircase": 3,
    "wedge": 3,
  },
  {
    "bar chart": 3,
    "crescent": 1,
    "diamond": 2,
    "fork": 6,
    "rectangle": 2,
    "stack": 6,
    "staircase": 9,
    "wedge": 4,
    "wing": 2,
  },
  {
    "antler": 1,
    "bar chart": 10,
    "crescent": 8,
    "diamond": 8,
    "fork": 22,
    "range chart": 1,
    "rectangle": 1,
    "stack": 11,
    "staircase": 23,
    "wedge": 7,
    "wing": 16,
  },
  {
    "antler": 5,
    "bar chart": 27,
    "bent tree": 3,
    "crescent": 55,
    "diamond": 27,
    "fork": 72,
    "range chart": 7,
    "rectangle": 3,
    "stack": 23,
    "staircase": 57,
    "wedge": 10,
    "wing": 80,
  },
  {
    "antler": 34,
    "bar chart": 67,
    "bent tree": 43,
    "crescent": 280,
    "diamond": 81,
    "fork": 208,
    "range chart": 52,
    "rectangle": 2,
    "stack": 40,
    "staircase": 134,
    "tree": 2,
    "wedge": 15,
    "wing": 327,
  },
  {
    "antler": 171,
    "bar chart": 160,
    "bent tree": 325,
    "crescent": 1234,
    "diamond": 240,
    "fork": 564,
    "range chart": 326,
    "rectangle": 3,
    "stack": 75,
    "staircase": 321,
    "tree": 34,
    "wedge": 23,
    "wing": 1179,
  },
]
`;

exports[`counts 1`] = `
[
  1,
  1,
  2,
  5,
  12,
  35,
  108,
  369,
  1285,
  4655,
]
`;

exports[`holes 1`] = `
[
  0,
  0,
  0,
  0,
  0,
  0,
  1,
  6,
]
`;

exports[`longestLine 1`] = `
[
  {
    "1": 1,
  },
  {
    "2": 1,
  },
  {
    "2": 1,
    "3": 1,
  },
  {
    "2": 2,
    "3": 2,
    "4": 1,
  },
  {
    "2": 1,
    "3": 8,
    "4": 2,
    "5": 1,
  },
  {
    "2": 1,
    "3": 17,
    "4": 13,
    "5": 3,
    "6": 1,
  },
  {
    "2": 1,
    "3": 41,
    "4": 43,
    "5": 19,
    "6": 3,
    "7": 1,
  },
  {
    "2": 1,
    "3": 92,
    "4": 171,
    "5": 75,
    "6": 25,
    "7": 4,
    "8": 1,
  },
  {
    "2": 1,
    "3": 222,
    "4": 574,
    "5": 339,
    "6": 111,
    "7": 33,
    "8": 4,
    "9": 1,
  },
  {
    "10": 1,
    "2": 1,
    "3": 528,
    "4": 1974,
    "5": 1381,
    "6": 557,
    "7": 167,
    "8": 41,
    "9": 5,
  },
]
`;

exports[`longestWave 1`] = `
[
  {
    "1": 1,
  },
  {
    "2": 1,
  },
  {
    "2": 1,
    "3": 1,
  },
  {
    "2": 1,
    "3": 3,
    "4": 1,
  },
  {
    "2": 1,
    "3": 7,
    "4": 3,
    "5": 1,
  },
  {
    "2": 1,
    "3": 14,
    "4": 15,
    "5": 4,
    "6": 1,
  },
  {
    "2": 1,
    "3": 40,
    "4": 42,
    "5": 20,
    "6": 4,
    "7": 1,
  },
  {
    "2": 1,
    "3": 99,
    "4": 154,
    "5": 84,
    "6": 25,
    "7": 5,
    "8": 1,
  },
  {
    "2": 1,
    "3": 278,
    "4": 526,
    "5": 330,
    "6": 114,
    "7": 30,
    "8": 5,
    "9": 1,
  },
  {
    "10": 1,
    "2": 1,
    "3": 756,
    "4": 1880,
    "5": 1304,
    "6": 521,
    "7": 150,
    "8": 36,
    "9": 6,
  },
]
`;

exports[`punctures 1`] = `
[
  1,
  1,
  2,
  5,
  12,
  35,
  108,
  369,
  1285,
  4655,
]
`;

exports[`symmetries 1`] = `
[
  {
    "all": 1,
  },
  {
    "axis2": 1,
  },
  {
    "axis2": 1,
    "diag": 1,
  },
  {
    "all": 1,
    "axis": 1,
    "axis2": 1,
    "none": 1,
    "rot": 1,
  },
  {
    "all": 1,
    "axis": 2,
    "axis2": 1,
    "diag": 2,
    "none": 5,
    "rot": 1,
  },
  {
    "axis": 6,
    "axis2": 2,
    "diag": 2,
    "none": 20,
    "rot": 5,
  },
  {
    "axis": 9,
    "axis2": 3,
    "diag": 7,
    "diag2": 1,
    "none": 84,
    "rot": 4,
  },
  {
    "all": 1,
    "axis": 23,
    "axis2": 4,
    "diag": 5,
    "diag2": 1,
    "none": 316,
    "rot": 18,
    "rot2": 1,
  },
  {
    "all": 2,
    "axis": 38,
    "axis2": 4,
    "diag": 26,
    "none": 1196,
    "rot": 19,
  },
  {
    "axis": 90,
    "axis2": 8,
    "diag": 22,
    "diag2": 1,
    "none": 4461,
    "rot": 73,
  },
]
`;

exports[`tilings 1`] = `
[
  0,
  0,
  0,
  0,
  0,
  0,
  4,
  26,
]
`;
